// Jest Snapshot v1, https://goo.gl/fbAQLP

exports[`Snapshot matches snapshot when no data is present 1`] = `
Object {
  "kpiCards": "Open Tasks5Across 1 projectsCompleted3This SprintBlocked1Needs AttentionAvg cycle time2.5 days10.0% vs Last sprint",
  "myTasks": "My TasksNo tasks assigned to you.",
  "sprintHealth": "Sprint Health OverviewNo active sprints.",
}
`;
