// Jest Snapshot v1, https://goo.gl/fbAQLP

exports[`Snapshot matches snapshot with tasks for two users 1`] = `
Object {
  "alice": "ALICE.SMITH (2)MediumWrite unit testsCloud PM ToolHighBuild API layerCloud PM Tool",
  "bob": "BOB.JONES (2)HighFix broken pipelineCloud PM ToolLowDesign DB schemaCloud PM Tool",
}
`;
